#
# There is insufficient memory for the Java Runtime Environment to continue.
# Native memory allocation (mmap) failed to map 134217728 bytes. Error detail: G1 virtual space
# Possible reasons:
#   The system is out of physical RAM or swap space
#   This process is running with CompressedOops enabled, and the Java Heap may be blocking the growth of the native heap
# Possible solutions:
#   Reduce memory load on the system
#   Increase physical memory or swap space
#   Check if swap backing store is full
#   Decrease Java heap size (-Xmx/-Xms)
#   Decrease number of Java threads
#   Decrease Java thread stack sizes (-Xss)
#   Set larger code cache with -XX:ReservedCodeCacheSize=
#   JVM is running with Unscaled Compressed Oops mode in which the Java heap is
#     placed in the first 4GB address space. The Java Heap base address is the
#     maximum limit for the native heap growth. Please use -XX:HeapBaseMinAddress
#     to set the Java Heap base and to place the Java Heap above 4GB virtual address.
# This output file may be truncated or incomplete.
#
#  Out of Memory Error (os_windows.cpp:3925), pid=4812, tid=3180
#
# JRE version:  (21.0.9+1) (build )
# Java VM: OpenJDK 64-Bit Server VM (21.0.9+1-b1038.78, mixed mode, sharing, tiered, compressed oops, compressed class ptrs, g1 gc, windows-amd64)
# No core dump will be written. Minidumps are not enabled by default on client versions of Windows
#

---------------  S U M M A R Y ------------

Command Line: git4idea.http.GitAskPassApp Username for 'https://github.com': 

Host: Intel(R) Xeon(R) CPU           E5450  @ 3.00GHz, 4 cores, 7G,  Windows 10 , 64 bit Build 19041 (10.0.19041.5915)
Time: Sun Mar 29 23:22:42 2026 elapsed time: 0.020544 seconds (0d 0h 0m 0s)

---------------  T H R E A D  ---------------

Current thread (0x000001b554d04a40):  JavaThread "Unknown thread" [_thread_in_vm, id=3180, stack(0x0000009a5c800000,0x0000009a5c900000) (1024K)]

Stack: [0x0000009a5c800000,0x0000009a5c900000]
Native frames: (J=compiled Java code, j=interpreted, Vv=VM code, C=native code)
V  [jvm.dll+0x6ec259]
V  [jvm.dll+0x8cc383]
V  [jvm.dll+0x8ce99e]
V  [jvm.dll+0x8cf083]
V  [jvm.dll+0x28b006]
V  [jvm.dll+0x6e8a35]
V  [jvm.dll+0x6dc0ca]
V  [jvm.dll+0x366a7b]
V  [jvm.dll+0x36e666]
V  [jvm.dll+0x3c0bd6]
V  [jvm.dll+0x3c0ea8]
V  [jvm.dll+0x33922c]
V  [jvm.dll+0x339f1b]
V  [jvm.dll+0x893a49]
V  [jvm.dll+0x3cdda8]
V  [jvm.dll+0x87c988]
V  [jvm.dll+0x462a4e]
V  [jvm.dll+0x464731]
C  [jli.dll+0x52ab]
C  [ucrtbase.dll+0x21bb2]
C  [KERNEL32.DLL+0x17374]
C  [ntdll.dll+0x4cc91]


---------------  P R O C E S S  ---------------

Threads class SMR info:
_java_thread_list=0x00007ffd15bc52c8, length=0, elements={
}

Java Threads: ( => current thread )
Total: 0

Other Threads:
  0x000001b557064de0 WorkerThread "GC Thread#0"                     [id=7628, stack(0x0000009a5c900000,0x0000009a5ca00000) (1024K)]
  0x000001b557075f70 ConcurrentGCThread "G1 Main Marker"            [id=10504, stack(0x0000009a5ca00000,0x0000009a5cb00000) (1024K)]
  0x000001b557077210 WorkerThread "G1 Conc#0"                       [id=9876, stack(0x0000009a5cb00000,0x0000009a5cc00000) (1024K)]

[error occurred during error reporting (printing all threads), id 0xc0000005, EXCEPTION_ACCESS_VIOLATION (0xc0000005) at pc=0x00007ffd152ac287]
VM state: not at safepoint (not fully initialized)

VM Mutex/Monitor currently owned by a thread:  ([mutex/lock_event])
[0x00007ffd15c39e30] Heap_lock - owner thread: 0x000001b554d04a40

Heap address: 0x0000000080000000, size: 2048 MB, Compressed Oops mode: 32-bit

CDS archive(s) mapped at: [0x0000000000000000-0x0000000000000000-0x0000000000000000), size 0, SharedBaseAddress: 0x0000000800000000, ArchiveRelocationMode: 1.
Narrow klass base: 0x0000000000000000, Narrow klass shift: 0, Narrow klass range: 0x0

GC Precious Log:
 CardTable entry size: 512
 Card Set container configuration: InlinePtr #cards 5 size 8 Array Of Cards #cards 12 size 40 Howl #buckets 4 coarsen threshold 1843 Howl Bitmap #cards 512 size 80 coarsen threshold 460 Card regions per heap region 1 cards per card region 2048

Heap:
 garbage-first heap   total 0K, used 0K [0x0000000080000000, 0x0000000100000000)
  region size 1024K, 0 young (0K), 0 survivors (0K)
 Metaspace       used 0K, committed 0K, reserved 0K
  class space    used 0K, committed 0K, reserved 0K

Heap Regions: E=young(eden), S=young(survivor), O=old, HS=humongous(starts), HC=humongous(continues), CS=collection set, F=free, TAMS=top-at-mark-start, PB=parsable bottom

Card table byte_map: [0x000001b56a460000,0x000001b56a860000] _byte_map_base: 0x000001b56a060000

Marking Bits: (CMBitMap*) 0x000001b5570654e0
 Bits: [0x000001b56a860000, 0x000001b56c860000)

GC Heap History (0 events):
No events

Dll operation events (1 events):
Event: 0.010 Loaded shared library C:\Program Files\JetBrains\IntelliJ IDEA Community Edition 2025.2.6.1\jbr\bin\java.dll

Deoptimization events (0 events):
No events

Classes loaded (0 events):
No events

Classes unloaded (0 events):
No events

Classes redefined (0 events):
No events

Internal exceptions (0 events):
No events

ZGC Phase Switch (0 events):
No events

VM Operations (0 events):
No events

Memory protections (0 events):
No events

Nmethod flushes (0 events):
No events

Events (0 events):
No events


Dynamic libraries:
0x00007ff7e7f20000 - 0x00007ff7e7f2a000 	C:\Program Files\JetBrains\IntelliJ IDEA Community Edition 2025.2.6.1\jbr\bin\java.exe
0x00007ffd55830000 - 0x00007ffd55a28000 	C:\WINDOWS\SYSTEM32\ntdll.dll
0x00007ffd54a30000 - 0x00007ffd54af2000 	C:\WINDOWS\System32\KERNEL32.DLL
0x00007ffd53090000 - 0x00007ffd53386000 	C:\WINDOWS\System32\KERNELBASE.dll
0x00007ffd535e0000 - 0x00007ffd536e0000 	C:\WINDOWS\System32\ucrtbase.dll
0x00007ffd4dec0000 - 0x00007ffd4dedb000 	C:\Program Files\JetBrains\IntelliJ IDEA Community Edition 2025.2.6.1\jbr\bin\VCRUNTIME140.dll
0x00007ffd2c1a0000 - 0x00007ffd2c1b8000 	C:\Program Files\JetBrains\IntelliJ IDEA Community Edition 2025.2.6.1\jbr\bin\jli.dll
0x00007ffd53850000 - 0x00007ffd539f1000 	C:\WINDOWS\System32\USER32.dll
0x00007ffd53390000 - 0x00007ffd533b2000 	C:\WINDOWS\System32\win32u.dll
0x00007ffd431b0000 - 0x00007ffd4344b000 	C:\WINDOWS\WinSxS\amd64_microsoft.windows.common-controls_6595b64144ccf1df_6.0.19041.6456_none_60b8a6cb71f64256\COMCTL32.dll
0x00007ffd55200000 - 0x00007ffd5522b000 	C:\WINDOWS\System32\GDI32.dll
0x00007ffd55370000 - 0x00007ffd5540e000 	C:\WINDOWS\System32\msvcrt.dll
0x00007ffd52ec0000 - 0x00007ffd52fd9000 	C:\WINDOWS\System32\gdi32full.dll
0x00007ffd53730000 - 0x00007ffd537cd000 	C:\WINDOWS\System32\msvcp_win.dll
0x00007ffd541d0000 - 0x00007ffd541ff000 	C:\WINDOWS\System32\IMM32.DLL
0x00007ffd4dee0000 - 0x00007ffd4deec000 	C:\Program Files\JetBrains\IntelliJ IDEA Community Edition 2025.2.6.1\jbr\bin\vcruntime140_1.dll
0x00007ffd1fbb0000 - 0x00007ffd1fc3d000 	C:\Program Files\JetBrains\IntelliJ IDEA Community Edition 2025.2.6.1\jbr\bin\msvcp140.dll
0x00007ffd14f60000 - 0x00007ffd15d2d000 	C:\Program Files\JetBrains\IntelliJ IDEA Community Edition 2025.2.6.1\jbr\bin\server\jvm.dll
0x00007ffd54670000 - 0x00007ffd54721000 	C:\WINDOWS\System32\ADVAPI32.dll
0x00007ffd54910000 - 0x00007ffd549af000 	C:\WINDOWS\System32\sechost.dll
0x00007ffd54740000 - 0x00007ffd54860000 	C:\WINDOWS\System32\RPCRT4.dll
0x00007ffd533c0000 - 0x00007ffd533e7000 	C:\WINDOWS\System32\bcrypt.dll
0x00007ffd54c20000 - 0x00007ffd54c8b000 	C:\WINDOWS\System32\WS2_32.dll
0x00007ffd52c70000 - 0x00007ffd52cbb000 	C:\WINDOWS\SYSTEM32\POWRPROF.dll
0x00007ffd438b0000 - 0x00007ffd438d7000 	C:\WINDOWS\SYSTEM32\WINMM.dll
0x00007ffd4c510000 - 0x00007ffd4c51a000 	C:\WINDOWS\SYSTEM32\VERSION.dll
0x00007ffd52c50000 - 0x00007ffd52c62000 	C:\WINDOWS\SYSTEM32\UMPDC.dll
0x00007ffd50a00000 - 0x00007ffd50a12000 	C:\WINDOWS\SYSTEM32\kernel.appcore.dll
0x00007ffd4deb0000 - 0x00007ffd4deba000 	C:\Program Files\JetBrains\IntelliJ IDEA Community Edition 2025.2.6.1\jbr\bin\jimage.dll
0x00007ffd47570000 - 0x00007ffd47771000 	C:\WINDOWS\SYSTEM32\DBGHELP.DLL
0x00007ffd47530000 - 0x00007ffd47564000 	C:\WINDOWS\SYSTEM32\dbgcore.DLL
0x00007ffd53550000 - 0x00007ffd535d2000 	C:\WINDOWS\System32\bcryptPrimitives.dll
0x00007ffd46b00000 - 0x00007ffd46b20000 	C:\Program Files\JetBrains\IntelliJ IDEA Community Edition 2025.2.6.1\jbr\bin\java.dll

JVMTI agents: none

dbghelp: loaded successfully - version: 4.0.5 - missing functions: none
symbol engine: initialized successfully - sym options: 0x614 - pdb path: .;C:\Program Files\JetBrains\IntelliJ IDEA Community Edition 2025.2.6.1\jbr\bin;C:\WINDOWS\SYSTEM32;C:\WINDOWS\WinSxS\amd64_microsoft.windows.common-controls_6595b64144ccf1df_6.0.19041.6456_none_60b8a6cb71f64256;C:\Program Files\JetBrains\IntelliJ IDEA Community Edition 2025.2.6.1\jbr\bin\server

VM Arguments:
java_command: git4idea.http.GitAskPassApp Username for 'https://github.com': 
java_class_path (initial): C:/Program Files/JetBrains/IntelliJ IDEA Community Edition 2025.2.6.1/plugins/vcs-git/lib/git4idea-rt.jar;C:/Program Files/JetBrains/IntelliJ IDEA Community Edition 2025.2.6.1/lib/externalProcess-rt.jar
Launcher Type: SUN_STANDARD

[Global flags]
     intx CICompilerCount                          = 3                                         {product} {ergonomic}
     uint ConcGCThreads                            = 1                                         {product} {ergonomic}
     uint G1ConcRefinementThreads                  = 4                                         {product} {ergonomic}
   size_t G1HeapRegionSize                         = 1048576                                   {product} {ergonomic}
    uintx GCDrainStackTargetSize                   = 64                                        {product} {ergonomic}
   size_t InitialHeapSize                          = 134217728                                 {product} {ergonomic}
   size_t MarkStackSize                            = 4194304                                   {product} {ergonomic}
   size_t MaxHeapSize                              = 2147483648                                {product} {ergonomic}
   size_t MinHeapDeltaBytes                        = 1048576                                   {product} {ergonomic}
   size_t MinHeapSize                              = 8388608                                   {product} {ergonomic}
    uintx NonNMethodCodeHeapSize                   = 5832780                                {pd product} {ergonomic}
    uintx NonProfiledCodeHeapSize                  = 122912730                              {pd product} {ergonomic}
    uintx ProfiledCodeHeapSize                     = 122912730                              {pd product} {ergonomic}
    uintx ReservedCodeCacheSize                    = 251658240                              {pd product} {ergonomic}
     bool SegmentedCodeCache                       = true                                      {product} {ergonomic}
   size_t SoftMaxHeapSize                          = 2147483648                             {manageable} {ergonomic}
     bool UseCompressedOops                        = true                           {product lp64_product} {ergonomic}
     bool UseG1GC                                  = true                                      {product} {ergonomic}
     bool UseLargePagesIndividualAllocation        = false                                  {pd product} {ergonomic}

Logging:
Log output configuration:
 #0: stdout all=warning uptime,level,tags foldmultilines=false
 #1: stderr all=off uptime,level,tags foldmultilines=false

Release file:
<release file has not been read>
Environment Variables:
JAVA_HOME=G:\Java\jdk-12.0.1
PATH=C:\Program Files\Git\mingw64\libexec\git-core;C:\Program Files\Git\mingw64\libexec\git-core;C:\Program Files\Git\mingw64\bin;C:\Program Files\Git\usr\bin;C:\Users\Vlada\bin;C:\Program Files\Amazon Corretto\jdk11.0.30_7\bin;C:\WINDOWS\system32;C:\WINDOWS;C:\WINDOWS\System32\Wbem;C:\WINDOWS\System32\WindowsPowerShell\v1.0;C:\WINDOWS\System32\OpenSSH;G:\Python;G:\Maven\apache-maven-3.6.2\bin;G:\Java\jdk-12.0.1\bin;C:\Program Files\dotnet;C:\Program Files\Microsoft SQL Server\130\Tools\Binn;C:\Program Files\Microsoft SQL Server\Client SDK\ODBC\170\Tools\Binn;C:\Program Files (x86)\Common Files\Acronis\SnapAPI;C:\Program Files\Git\cmd;G:\Python\Python37\Scripts;G:\Python\Python37;C:\Users\Vlada\AppData\Local\Microsoft\WindowsApps;C:\Program Files\JetBrains\IntelliJ IDEA Community Edition 2019.1.3\bin;G:\Python\PyCharm Community Edition 2019.2.2\bin;C:\Program Files\apache-maven-3.9.14\bin;C:\Users\Vlada\AppData\Local\GitHubDesktop\bin;C:\Users\Vlada\AppData\Local\Microsoft\WindowsApps;C:\Program Files\Amazon Corretto\jdk11.0.30_7\bin
USERNAME=Vlada
DISPLAY=:0.0
LC_ALL=en_US.UTF-8
TERM=xterm-256color
TMPDIR=C:\Users\Vlada\AppData\Local\Temp
OS=Windows_NT
PROCESSOR_IDENTIFIER=Intel64 Family 6 Model 23 Stepping 10, GenuineIntel
TMP=C:\Users\Vlada\AppData\Local\Temp
TEMP=C:\Users\Vlada\AppData\Local\Temp




Periodic native trim disabled

JNI global refs:
JNI global refs: 0, weak refs: 0

JNI global refs memory usage: 0, weak refs: 0

Process memory usage:
Resident Set Size: 11412K (0% of 8387636K total physical memory with 854928K free physical memory)

OOME stack traces (most recent first):
Classloader memory used:

---------------  S Y S T E M  ---------------

OS:
 Windows 10 , 64 bit Build 19041 (10.0.19041.5915)
OS uptime: 21 days 1:15 hours

CPU: total 4 (initial active 4) (4 cores per cpu, 1 threads per core) family 6 model 23 stepping 10 microcode 0xa0b, cx8, cmov, fxsr, mmx, sse, sse2, sse3, ssse3, sse4.1, tsc, clflush
Processor Information for the first 4 processors :
  Max Mhz: 3003, Current Mhz: 3003, Mhz Limit: 3003

Memory: 4k page, system-wide physical 8191M (834M free)
TotalPageFile size 8191M (AvailPageFile size 109M)
current process WorkingSet (physical memory assigned to process): 11M, peak: 11M
current process commit charge ("private bytes"): 52M, peak: 180M

vm_info: OpenJDK 64-Bit Server VM (21.0.9+1-b1038.78) for windows-amd64 JRE (21.0.9+1-b1038.78), built on 2025-12-02 by "builduser" with MS VC++ 16.10 / 16.11 (VS2019)

END.
